<?php return array (
  0 => 'Symfony\\Bundle\\FrameworkBundle\\Controller\\Controller',
  1 => 'Doctrine\\Bundle\\DoctrineBundle\\Controller\\ProfilerController',
  2 => 'Doctrine\\ORM\\Cache\\Persister\\Entity\\AbstractEntityPersister',
  3 => 'Doctrine\\ORM\\Cache\\Persister\\Entity\\CachedEntityPersister',
  4 => 'Doctrine\\ORM\\Cache\\Persister\\Entity\\NonStrictReadWriteCachedEntityPersister',
  5 => 'Doctrine\\ORM\\Cache\\Persister\\Entity\\ReadOnlyCachedEntityPersister',
  6 => 'Doctrine\\ORM\\Cache\\Persister\\Entity\\ReadWriteCachedEntityPersister',
  7 => 'Doctrine\\ORM\\Persisters\\Entity\\AbstractEntityInheritancePersister',
  8 => 'Doctrine\\ORM\\Persisters\\Entity\\BasicEntityPersister',
  9 => 'Doctrine\\ORM\\Persisters\\Entity\\CachedPersisterContext',
  10 => 'Doctrine\\ORM\\Persisters\\Entity\\EntityPersister',
  11 => 'Doctrine\\ORM\\Persisters\\Entity\\JoinedSubclassPersister',
  12 => 'Doctrine\\ORM\\Persisters\\Entity\\SingleTablePersister',
  13 => 'FOS\\UserBundle\\Controller\\ChangePasswordController',
  14 => 'FOS\\UserBundle\\Controller\\GroupController',
  15 => 'FOS\\UserBundle\\Controller\\ProfileController',
  16 => 'FOS\\UserBundle\\Controller\\RegistrationController',
  17 => 'FOS\\UserBundle\\Controller\\ResettingController',
  18 => 'FOS\\UserBundle\\Controller\\SecurityController',
  19 => 'Lljm\\AdminBundle\\Controller\\UserController',
  20 => 'Lljm\\GeolocationBundle\\Controller\\DefaultController',
  21 => 'Lljm\\GeolocationBundle\\Controller\\RemotelogController',
  22 => 'Lljm\\GeolocationBundle\\Entity\\Geoloclog',
  23 => 'Lljm\\GeolocationBundle\\Entity\\GeoloclogRepository',
  24 => 'Lljm\\HealthBundle\\Controller\\HeightController',
  25 => 'Lljm\\HealthBundle\\Controller\\WeightController',
  26 => 'Lljm\\HealthBundle\\Entity\\Height',
  27 => 'Lljm\\HealthBundle\\Entity\\HeightRepository',
  28 => 'Lljm\\HealthBundle\\Entity\\Weight',
  29 => 'Lljm\\HealthBundle\\Entity\\WeightRepository',
  30 => 'Lljm\\HomeBundle\\Controller\\AboutController',
  31 => 'Lljm\\HomeBundle\\Controller\\DefaultController',
  32 => 'Lljm\\HomeBundle\\Controller\\ElecvisualController',
  33 => 'Lljm\\HomeBundle\\Controller\\GasvisualController',
  34 => 'Lljm\\HomeBundle\\Controller\\HeatingController',
  35 => 'Lljm\\HomeBundle\\Controller\\HouseController',
  36 => 'Lljm\\HomeBundle\\Controller\\HumidvisualController',
  37 => 'Lljm\\HomeBundle\\Controller\\LightController',
  38 => 'Lljm\\HomeBundle\\Controller\\MeterController',
  39 => 'Lljm\\HomeBundle\\Controller\\NodeController',
  40 => 'Lljm\\HomeBundle\\Controller\\SubzoneController',
  41 => 'Lljm\\HomeBundle\\Controller\\TempvisualController',
  42 => 'Lljm\\HomeBundle\\Controller\\VentilationController',
  43 => 'Lljm\\HomeBundle\\Controller\\WatervisualController',
  44 => 'Lljm\\HomeBundle\\Controller\\ZoneController',
  45 => 'Lljm\\HomeBundle\\Entity\\Eleclog',
  46 => 'Lljm\\HomeBundle\\Entity\\EleclogRepository',
  47 => 'Lljm\\HomeBundle\\Entity\\Gaslog',
  48 => 'Lljm\\HomeBundle\\Entity\\GaslogRepository',
  49 => 'Lljm\\HomeBundle\\Entity\\HeatingLog',
  50 => 'Lljm\\HomeBundle\\Entity\\HeatingLogRepository',
  51 => 'Lljm\\HomeBundle\\Entity\\Heatingmode',
  52 => 'Lljm\\HomeBundle\\Entity\\HeatingmodeRepository',
  53 => 'Lljm\\HomeBundle\\Entity\\House',
  54 => 'Lljm\\HomeBundle\\Entity\\HouseRepository',
  55 => 'Lljm\\HomeBundle\\Entity\\Humidlog',
  56 => 'Lljm\\HomeBundle\\Entity\\HumidlogRepository',
  57 => 'Lljm\\HomeBundle\\Entity\\Meter',
  58 => 'Lljm\\HomeBundle\\Entity\\MeterRepository',
  59 => 'Lljm\\HomeBundle\\Entity\\Node',
  60 => 'Lljm\\HomeBundle\\Entity\\NodeRepository',
  61 => 'Lljm\\HomeBundle\\Entity\\Nodetype',
  62 => 'Lljm\\HomeBundle\\Entity\\NodetypeRepository',
  63 => 'Lljm\\HomeBundle\\Entity\\Resource',
  64 => 'Lljm\\HomeBundle\\Entity\\ResourceRepository',
  65 => 'Lljm\\HomeBundle\\Entity\\Subzone',
  66 => 'Lljm\\HomeBundle\\Entity\\SubzoneRepository',
  67 => 'Lljm\\HomeBundle\\Entity\\Templog',
  68 => 'Lljm\\HomeBundle\\Entity\\TemplogRepository',
  69 => 'Lljm\\HomeBundle\\Entity\\Unit',
  70 => 'Lljm\\HomeBundle\\Entity\\UnitRepository',
  71 => 'Lljm\\HomeBundle\\Entity\\Waterlog',
  72 => 'Lljm\\HomeBundle\\Entity\\WaterlogRepository',
  73 => 'Lljm\\HomeBundle\\Entity\\Zone',
  74 => 'Lljm\\HomeBundle\\Entity\\ZoneRepository',
  75 => 'Lljm\\TasksBundle\\Controller\\DefaultController',
  76 => 'Lljm\\TasksBundle\\Entity\\Task',
  77 => 'Lljm\\UserBundle\\Entity\\User',
  78 => 'Lljm\\UserBundle\\Entity\\UserRepository',
  79 => 'Symfony\\Bundle\\FrameworkBundle\\Controller\\AbstractController',
  81 => 'Symfony\\Bundle\\FrameworkBundle\\Controller\\ControllerNameParser',
  82 => 'Symfony\\Bundle\\FrameworkBundle\\Controller\\ControllerResolver',
  83 => 'Symfony\\Bundle\\FrameworkBundle\\Controller\\ControllerTrait',
  84 => 'Symfony\\Bundle\\FrameworkBundle\\Controller\\RedirectController',
  85 => 'Symfony\\Bundle\\FrameworkBundle\\Controller\\TemplateController',
  86 => 'Symfony\\Bundle\\TwigBundle\\Controller\\ExceptionController',
  87 => 'Symfony\\Bundle\\TwigBundle\\Controller\\PreviewErrorController',
  88 => 'Symfony\\Bundle\\WebProfilerBundle\\Controller\\ExceptionController',
  89 => 'Symfony\\Bundle\\WebProfilerBundle\\Controller\\ProfilerController',
  90 => 'Symfony\\Bundle\\WebProfilerBundle\\Controller\\RouterController',
  91 => 'Symfony\\Component\\HttpKernel\\Controller\\ArgumentResolver',
  92 => 'Symfony\\Component\\HttpKernel\\Controller\\ArgumentResolverInterface',
  93 => 'Symfony\\Component\\HttpKernel\\Controller\\ArgumentResolver\\DefaultValueResolver',
  94 => 'Symfony\\Component\\HttpKernel\\Controller\\ArgumentResolver\\RequestAttributeValueResolver',
  95 => 'Symfony\\Component\\HttpKernel\\Controller\\ArgumentResolver\\RequestValueResolver',
  96 => 'Symfony\\Component\\HttpKernel\\Controller\\ArgumentResolver\\ServiceValueResolver',
  97 => 'Symfony\\Component\\HttpKernel\\Controller\\ArgumentResolver\\SessionValueResolver',
  98 => 'Symfony\\Component\\HttpKernel\\Controller\\ArgumentResolver\\VariadicValueResolver',
  99 => 'Symfony\\Component\\HttpKernel\\Controller\\ArgumentValueResolverInterface',
  100 => 'Symfony\\Component\\HttpKernel\\Controller\\ContainerControllerResolver',
  101 => 'Symfony\\Component\\HttpKernel\\Controller\\ControllerReference',
  102 => 'Symfony\\Component\\HttpKernel\\Controller\\ControllerResolver',
  103 => 'Symfony\\Component\\HttpKernel\\Controller\\ControllerResolverInterface',
  104 => 'Symfony\\Component\\HttpKernel\\Controller\\TraceableArgumentResolver',
  105 => 'Symfony\\Component\\HttpKernel\\Controller\\TraceableControllerResolver',
);